Mon Oct 30 19:43:59 EET 2023: Test message
Mon Oct 30 19:43:59 EET 2023: Test message
Mon Oct 30 19:45:20 EET 2023: Test message
Mon Oct 30 19:46:36 EET 2023: Test message
